// Jest Snapshot v1, https://goo.gl/fbAQLP

exports[`<LoadingScreen /> renders correctly 1`] = `
<View
  style={
    Object {
      "alignItems": "center",
      "flex": 1,
      "justifyContent": "center",
    }
  }
>
  <Image
    source={1}
    style={
      Object {
        "height": 200,
        "width": 200,
      }
    }
  />
  <ActivityIndicator
    animating={true}
    color="#999999"
    hidesWhenStopped={true}
    size="small"
    style={
      Object {
        "marginTop": 10,
      }
    }
  />
</View>
`;
